../Core/Src/main.c:91:5:main	8	static
../Core/Src/main.c:160:6:SystemClock_Config	88	static
../Core/Src/main.c:210:13:MX_CRC_Init	8	static
../Core/Src/main.c:236:13:MX_SPI1_Init	8	static
../Core/Src/main.c:274:13:MX_SPI2_Init	8	static
../Core/Src/main.c:312:13:MX_TIM2_Init	32	static
../Core/Src/main.c:357:13:MX_USART2_UART_Init	8	static
../Core/Src/main.c:388:13:MX_DMA_Init	16	static
../Core/Src/main.c:406:13:MX_GPIO_Init	40	static
../Core/Src/main.c:440:6:HAL_GPIO_EXTI_Callback	16	static
../Core/Src/main.c:464:6:HAL_TIM_PeriodElapsedCallback	16	static
../Core/Src/main.c:486:6:Error_Handler	4	static,ignoring_inline_asm
